******************************************************************************
                  TI ARM Linker Unix v16.9.1                   
******************************************************************************
>> Linked Wed Oct 18 16:42:31 2017

OUTPUT FILE NAME:   <Project2.out>
ENTRY POINT SYMBOL: "_c_int00"  address: 00001089


MEMORY CONFIGURATION

         name            origin    length      used     unused   attr    fill
----------------------  --------  ---------  --------  --------  ----  --------
  MAIN                  00000000   00040000  000013a0  0003ec60  R  X
  INFO                  00200000   00004000  00000000  00004000  R  X
  SRAM_CODE             01000000   00010000  000003bc  0000fc44  RW X
  SRAM_DATA             20000000   00010000  000003bc  0000fc44  RW  


SEGMENT ALLOCATION MAP

run origin  load origin   length   init length attrs members
----------  ----------- ---------- ----------- ----- -------
00000000    00000000    000013a0   000013a0    r-x
  00000000    00000000    000000e4   000000e4    r-- .intvecs
  000000e4    000000e4    00001150   00001150    r-x .text
  00001234    00001234    00000004   00000004    r-- .const
  00001238    00001238    00000168   00000168    r-- .cinit
20000000    20000000    000001bc   00000000    rw-
  20000000    20000000    000001bc   00000000    rw- .data
2000fe00    2000fe00    00000200   00000000    rw-
  2000fe00    2000fe00    00000200   00000000    rw- .stack


SECTION ALLOCATION MAP

 output                                  attributes/
section   page    origin      length       input sections
--------  ----  ----------  ----------   ----------------
.intvecs   0    00000000    000000e4     
                  00000000    000000e4     startup_msp432p401r_ccs.obj (.intvecs:retain)

.text      0    000000e4    00001150     
                  000000e4    0000045c     main.obj (.text)
                  00000540    00000448     LCD.obj (.text)
                  00000988    0000032c     system_msp432p401r.obj (.text)
                  00000cb4    00000164     Keypad.obj (.text)
                  00000e18    000000fc     rtsv7M4_T_le_v4SPD16_eabi.lib : fd_mul_t2.obj (.text)
                  00000f14    0000009c                                   : memcpy_t2.obj (.text)
                  00000fb0    00000070                                   : autoinit.obj (.text)
                  00001020    00000068                                   : copy_decompress_lzss.obj (.text:decompress:lzss)
                  00001088    00000054                                   : boot.obj (.text)
                  000010dc    00000054                                   : exit.obj (.text)
                  00001130    0000004c                                   : cpy_tbl.obj (.text)
                  0000117c    00000048                                   : fd_toi_t2.obj (.text)
                  000011c4    00000020                                   : u_tofd_t2.obj (.text)
                  000011e4    00000018                                   : args_main.obj (.text)
                  000011fc    00000014                                   : _lock.obj (.text)
                  00001210    0000000e                                   : copy_decompress_none.obj (.text:decompress:none)
                  0000121e    0000000e     startup_msp432p401r_ccs.obj (.text)
                  0000122c    00000004     rtsv7M4_T_le_v4SPD16_eabi.lib : pre_init.obj (.text)
                  00001230    00000002                                   : mpu_init.obj (.text)
                  00001232    00000002                                   : startup.obj (.text)

.const     0    00001234    00000004     
                  00001234    00000004     Keypad.obj (.const:.string:$P$T0$1)

.cinit     0    00001238    00000168     
                  00001238    00000156     (.cinit..data.load) [load image, compression = lzss]
                  0000138e    00000002     --HOLE-- [fill = 0]
                  00001390    00000008     (__TI_handler_table)
                  00001398    00000008     (__TI_cinit_table)

.init_array 
*          0    00000000    00000000     UNINITIALIZED

.binit     0    00000000    00000000     

.data      0    20000000    000001bc     UNINITIALIZED
                  20000000    000000c8     main.obj (.data:sawtooth)
                  200000c8    000000c8     main.obj (.data:sinewave_offset)
                  20000190    0000000f     main.obj (.data)
                  2000019f    00000001     --HOLE--
                  200001a0    0000000c     rtsv7M4_T_le_v4SPD16_eabi.lib : exit.obj (.data:$O1$$)
                  200001ac    00000008                                   : _lock.obj (.data:$O1$$)
                  200001b4    00000004                                   : stkdepth_vars.obj (.data)
                  200001b8    00000004     system_msp432p401r.obj (.data)

.stack     0    2000fe00    00000200     UNINITIALIZED
                  2000fe00    00000200     --HOLE--

MODULE SUMMARY

       Module                        code   ro data   rw data
       ------                        ----   -------   -------
    ./
       main.obj                      1116   0         830    
       LCD.obj                       1096   0         0      
       system_msp432p401r.obj        812    0         8      
       Keypad.obj                    356    4         0      
       startup_msp432p401r_ccs.obj   14     228       0      
    +--+-----------------------------+------+---------+---------+
       Total:                        3394   232       838    
                                                             
    /home/lara/ti/ccsv7/tools/compiler/ti-cgt-arm_16.9.1.LTS/lib/rtsv7M4_T_le_v4SPD16_eabi.lib
       fd_mul_t2.obj                 252    0         0      
       memcpy_t2.obj                 156    0         0      
       autoinit.obj                  112    0         0      
       exit.obj                      84     0         24     
       copy_decompress_lzss.obj      104    0         0      
       boot.obj                      84     0         0      
       cpy_tbl.obj                   76     0         0      
       fd_toi_t2.obj                 72     0         0      
       _lock.obj                     20     0         16     
       u_tofd_t2.obj                 32     0         0      
       args_main.obj                 24     0         0      
       copy_decompress_none.obj      14     0         0      
       stkdepth_vars.obj             0      0         8      
       pre_init.obj                  4      0         0      
       mpu_init.obj                  2      0         0      
       startup.obj                   2      0         0      
    +--+-----------------------------+------+---------+---------+
       Total:                        1038   0         48     
                                                             
       Stack:                        0      0         1024   
       Linker Generated:             0      358       0      
    +--+-----------------------------+------+---------+---------+
       Grand Total:                  4432   590       1910   


LINKER GENERATED COPY TABLES

__TI_cinit_table @ 00001398 records: 1, size/record: 8, table size: 8
	.data: load addr=00001238, load size=00000156 bytes, run addr=20000000, run size=000001bc bytes, compression=lzss


LINKER GENERATED HANDLER TABLE

__TI_handler_table @ 00001390 records: 2, size/record: 4, table size: 8
	index: 0, handler: __TI_decompress_lzss
	index: 1, handler: __TI_decompress_none


GLOBAL SYMBOLS: SORTED ALPHABETICALLY BY Name 

address   name                           
-------   ----                           
0000122b  ADC14_IRQHandler               
0000122b  AES256_IRQHandler              
0000122b  BusFault_Handler               
000010dd  C$$EXIT                        
0000122b  COMP_E0_IRQHandler             
0000122b  COMP_E1_IRQHandler             
0000122b  CS_IRQHandler                  
0000122b  DMA_ERR_IRQHandler             
0000122b  DMA_INT0_IRQHandler            
0000122b  DMA_INT1_IRQHandler            
0000122b  DMA_INT2_IRQHandler            
0000122b  DMA_INT3_IRQHandler            
0000122b  DebugMon_Handler               
0000122b  Default_Handler                
0000047d  Drive_DAC                      
0000122b  EUSCIA0_IRQHandler             
0000122b  EUSCIA1_IRQHandler             
0000122b  EUSCIA2_IRQHandler             
0000122b  EUSCIA3_IRQHandler             
0000122b  EUSCIB0_IRQHandler             
0000122b  EUSCIB1_IRQHandler             
0000122b  EUSCIB2_IRQHandler             
0000122b  EUSCIB3_IRQHandler             
0000122b  FLCTL_IRQHandler               
0000122b  FPU_IRQHandler                 
0000122b  HardFault_Handler              
00000dc7  LED_init                       
00000dd9  LED_set                        
0000122b  MemManage_Handler              
0000122b  NMI_Handler                    
0000122b  PCM_IRQHandler                 
0000122b  PORT1_IRQHandler               
0000122b  PORT2_IRQHandler               
0000122b  PORT3_IRQHandler               
0000122b  PORT4_IRQHandler               
0000122b  PORT5_IRQHandler               
0000122b  PORT6_IRQHandler               
0000122b  PSS_IRQHandler                 
0000122b  PendSV_Handler                 
0000122b  RTC_C_IRQHandler               
0000121f  Reset_Handler                  
UNDEFED   SHT$$INIT_ARRAY$$Base          
UNDEFED   SHT$$INIT_ARRAY$$Limit         
0000122b  SVC_Handler                    
0000122b  SysTick_Handler                
200001b8  SystemCoreClock                
00000989  SystemCoreClockUpdate          
00000bfd  SystemInit                     
0000122b  T32_INT1_IRQHandler            
0000122b  T32_INT2_IRQHandler            
0000122b  T32_INTC_IRQHandler            
00000355  TA0_0_IRQHandler               
00000355  TA0_0_IRQHandler               
0000122b  TA0_N_IRQHandler               
0000122b  TA1_0_IRQHandler               
0000122b  TA1_N_IRQHandler               
0000122b  TA2_0_IRQHandler               
0000122b  TA2_N_IRQHandler               
0000122b  TA3_0_IRQHandler               
0000122b  TA3_N_IRQHandler               
20000190  TempDAC_Value                  
0000122b  UsageFault_Handler             
4000480c  WDTCTL_SYM                     
0000122b  WDT_A_IRQHandler               
20010000  __STACK_END                    
00000200  __STACK_SIZE                   
00001398  __TI_CINIT_Base                
000013a0  __TI_CINIT_Limit               
00001390  __TI_Handler_Table_Base        
00001398  __TI_Handler_Table_Limit       
00000fb1  __TI_auto_init                 
200001a0  __TI_cleanup_ptr               
00001021  __TI_decompress_lzss           
00001211  __TI_decompress_none           
200001a4  __TI_dtors_ptr                 
200001a8  __TI_enable_exit_profile_output
ffffffff  __TI_pprof_out_hndl            
ffffffff  __TI_prof_data_size            
ffffffff  __TI_prof_data_start           
00000000  __TI_static_base__             
0000117d  __aeabi_d2iz                   
00000e19  __aeabi_dmul                   
00000f15  __aeabi_memcpy                 
00000f15  __aeabi_memcpy4                
00000f15  __aeabi_memcpy8                
000011c5  __aeabi_ui2d                   
ffffffff  __binit__                      
ffffffff  __c_args__                     
00001231  __mpu_init                     
2000fe00  __stack                        
000011e5  _args_main                     
00001089  _c_int00                       
200001ac  _lock                          
0000120b  _nop                           
00001203  _register_lock                 
000011fd  _register_unlock               
00001233  _system_post_cinit             
0000122d  _system_pre_init               
200001b0  _unlock                        
000010e1  abort                          
ffffffff  binit                          
00001131  copy_in                        
00000dfb  delay                          
000008fd  delay_ms                       
00000773  display_char                   
2000019c  dutyCycle                      
000010e9  exit                           
2000019d  freq                           
20000194  index                          
0000041d  initDac                        
00000195  initTimer                      
00000245  initialize_hardware            
00000000  interruptVectors               
00000271  keyCommand                     
00000cc9  keypad_getkey                  
00000cb5  keypad_init                    
000000e9  main                           
200001b4  main_func_sp                   
00000f15  memcpy                         
2000019e  mode                           
00000541  print_LCD                      
00000659  print_duty_cycle               
00000693  print_freq                     
00000587  print_mode                     
000006d5  print_num                      
20000000  sawtooth                       
00000939  scroll_cursor                  
000007d9  send_command                   
000007c1  send_fs_cmd                    
200000c8  sinewave_offset                
00000793  startup                        
000007eb  write_char_LCD                 
000008bf  write_lower_nibble             
0000060d  write_sawtooth                 
000005e9  write_sine                     
000005b5  write_square                   
0000087b  write_upper_nibble             


GLOBAL SYMBOLS: SORTED BY Symbol Address 

address   name                           
-------   ----                           
00000000  __TI_static_base__             
00000000  interruptVectors               
000000e9  main                           
00000195  initTimer                      
00000200  __STACK_SIZE                   
00000245  initialize_hardware            
00000271  keyCommand                     
00000355  TA0_0_IRQHandler               
00000355  TA0_0_IRQHandler               
0000041d  initDac                        
0000047d  Drive_DAC                      
00000541  print_LCD                      
00000587  print_mode                     
000005b5  write_square                   
000005e9  write_sine                     
0000060d  write_sawtooth                 
00000659  print_duty_cycle               
00000693  print_freq                     
000006d5  print_num                      
00000773  display_char                   
00000793  startup                        
000007c1  send_fs_cmd                    
000007d9  send_command                   
000007eb  write_char_LCD                 
0000087b  write_upper_nibble             
000008bf  write_lower_nibble             
000008fd  delay_ms                       
00000939  scroll_cursor                  
00000989  SystemCoreClockUpdate          
00000bfd  SystemInit                     
00000cb5  keypad_init                    
00000cc9  keypad_getkey                  
00000dc7  LED_init                       
00000dd9  LED_set                        
00000dfb  delay                          
00000e19  __aeabi_dmul                   
00000f15  __aeabi_memcpy                 
00000f15  __aeabi_memcpy4                
00000f15  __aeabi_memcpy8                
00000f15  memcpy                         
00000fb1  __TI_auto_init                 
00001021  __TI_decompress_lzss           
00001089  _c_int00                       
000010dd  C$$EXIT                        
000010e1  abort                          
000010e9  exit                           
00001131  copy_in                        
0000117d  __aeabi_d2iz                   
000011c5  __aeabi_ui2d                   
000011e5  _args_main                     
000011fd  _register_unlock               
00001203  _register_lock                 
0000120b  _nop                           
00001211  __TI_decompress_none           
0000121f  Reset_Handler                  
0000122b  ADC14_IRQHandler               
0000122b  AES256_IRQHandler              
0000122b  BusFault_Handler               
0000122b  COMP_E0_IRQHandler             
0000122b  COMP_E1_IRQHandler             
0000122b  CS_IRQHandler                  
0000122b  DMA_ERR_IRQHandler             
0000122b  DMA_INT0_IRQHandler            
0000122b  DMA_INT1_IRQHandler            
0000122b  DMA_INT2_IRQHandler            
0000122b  DMA_INT3_IRQHandler            
0000122b  DebugMon_Handler               
0000122b  Default_Handler                
0000122b  EUSCIA0_IRQHandler             
0000122b  EUSCIA1_IRQHandler             
0000122b  EUSCIA2_IRQHandler             
0000122b  EUSCIA3_IRQHandler             
0000122b  EUSCIB0_IRQHandler             
0000122b  EUSCIB1_IRQHandler             
0000122b  EUSCIB2_IRQHandler             
0000122b  EUSCIB3_IRQHandler             
0000122b  FLCTL_IRQHandler               
0000122b  FPU_IRQHandler                 
0000122b  HardFault_Handler              
0000122b  MemManage_Handler              
0000122b  NMI_Handler                    
0000122b  PCM_IRQHandler                 
0000122b  PORT1_IRQHandler               
0000122b  PORT2_IRQHandler               
0000122b  PORT3_IRQHandler               
0000122b  PORT4_IRQHandler               
0000122b  PORT5_IRQHandler               
0000122b  PORT6_IRQHandler               
0000122b  PSS_IRQHandler                 
0000122b  PendSV_Handler                 
0000122b  RTC_C_IRQHandler               
0000122b  SVC_Handler                    
0000122b  SysTick_Handler                
0000122b  T32_INT1_IRQHandler            
0000122b  T32_INT2_IRQHandler            
0000122b  T32_INTC_IRQHandler            
0000122b  TA0_N_IRQHandler               
0000122b  TA1_0_IRQHandler               
0000122b  TA1_N_IRQHandler               
0000122b  TA2_0_IRQHandler               
0000122b  TA2_N_IRQHandler               
0000122b  TA3_0_IRQHandler               
0000122b  TA3_N_IRQHandler               
0000122b  UsageFault_Handler             
0000122b  WDT_A_IRQHandler               
0000122d  _system_pre_init               
00001231  __mpu_init                     
00001233  _system_post_cinit             
00001390  __TI_Handler_Table_Base        
00001398  __TI_CINIT_Base                
00001398  __TI_Handler_Table_Limit       
000013a0  __TI_CINIT_Limit               
20000000  sawtooth                       
200000c8  sinewave_offset                
20000190  TempDAC_Value                  
20000194  index                          
2000019c  dutyCycle                      
2000019d  freq                           
2000019e  mode                           
200001a0  __TI_cleanup_ptr               
200001a4  __TI_dtors_ptr                 
200001a8  __TI_enable_exit_profile_output
200001ac  _lock                          
200001b0  _unlock                        
200001b4  main_func_sp                   
200001b8  SystemCoreClock                
2000fe00  __stack                        
20010000  __STACK_END                    
4000480c  WDTCTL_SYM                     
ffffffff  __TI_pprof_out_hndl            
ffffffff  __TI_prof_data_size            
ffffffff  __TI_prof_data_start           
ffffffff  __binit__                      
ffffffff  __c_args__                     
ffffffff  binit                          
UNDEFED   SHT$$INIT_ARRAY$$Base          
UNDEFED   SHT$$INIT_ARRAY$$Limit         

[137 symbols]
