******************************************************************************
                  TI ARM Linker Unix v16.9.1                   
******************************************************************************
>> Linked Mon Sep 18 16:46:05 2017

OUTPUT FILE NAME:   <Lab1.out>
ENTRY POINT SYMBOL: "_c_int00"  address: 00003311


MEMORY CONFIGURATION

         name            origin    length      used     unused   attr    fill
----------------------  --------  ---------  --------  --------  ----  --------
  MAIN                  00000000   00040000  000037e9  0003c817  R  X
  INFO                  00200000   00004000  00000000  00004000  R  X
  SRAM_CODE             01000000   00010000  000009c8  0000f638  RW X
  SRAM_DATA             20000000   00010000  000009c8  0000f638  RW  


SEGMENT ALLOCATION MAP

run origin  load origin   length   init length attrs members
----------  ----------- ---------- ----------- ----- -------
00000000    00000000    000037f0   000037f0    r-x
  00000000    00000000    000000e4   000000e4    r-- .intvecs
  000000e4    000000e4    0000356c   0000356c    r-x .text
  00003650    00003650    00000101   00000101    r-- .const
  00003758    00003758    00000098   00000098    r-- .cinit
20000000    20000000    000007c8   00000000    rw-
  20000000    20000000    00000400   00000000    rw- .sysmem
  20000400    20000400    00000200   00000000    rw- .data
  20000600    20000600    000001c8   00000000    rw- .bss
2000fe00    2000fe00    00000200   00000000    rw-
  2000fe00    2000fe00    00000200   00000000    rw- .stack


SECTION ALLOCATION MAP

 output                                  attributes/
section   page    origin      length       input sections
--------  ----  ----------  ----------   ----------------
.intvecs   0    00000000    000000e4     
                  00000000    000000e4     startup_msp432p401r_ccs.obj (.intvecs:retain)

.text      0    000000e4    0000356c     
                  000000e4    0000113e     rtsv7M4_T_le_v4SPD16_eabi.lib : _printfi.obj (.text)
                  00001222    00000002                                   : mpu_init.obj (.text)
                  00001224    000003d0                                   : memory.obj (.text)
                  000015f4    0000032c     system_msp432p401r.obj (.text)
                  00001920    00000324     rtsv7M4_T_le_v4SPD16_eabi.lib : trgdrv.obj (.text)
                  00001c44    0000030c                                   : lowlev.obj (.text)
                  00001f50    000001f4                                   : ull_div_t2.obj (.text)
                  00002144    000001d8     main.obj (.text)
                  0000231c    000001c4     rtsv7M4_T_le_v4SPD16_eabi.lib : fopen.obj (.text)
                  000024e0    000001b6                                   : fd_add_t2.obj (.text)
                  00002696    00000136                                   : fd_div_t2.obj (.text)
                  000027cc    00000134                                   : fputs.obj (.text)
                  00002900    000000fc                                   : fd_mul_t2.obj (.text)
                  000029fc    000000fc                                   : s_scalbn.obj (.text)
                  00002af8    000000dc                                   : setvbuf.obj (.text)
                  00002bd4    000000c8                                   : fflush.obj (.text)
                  00002c9c    000000ac                                   : _io_perm.obj (.text)
                  00002d48    0000009c                                   : memcpy_t2.obj (.text)
                  00002de4    00000098                                   : fclose.obj (.text)
                  00002e7c    00000098                                   : fputc.obj (.text)
                  00002f14    00000086                                   : fd_cmp_t2.obj (.text:__aeabi_cdcmple)
                  00002f9a    00000086                                   : fd_cmp_t2.obj (.text:__aeabi_cdrcmple)
                  00003020    0000007a                                   : memset_t2.obj (.text)
                  0000309a    00000002                                   : startup.obj (.text)
                  0000309c    00000070                                   : autoinit.obj (.text)
                  0000310c    0000006c                                   : fprintf.obj (.text)
                  00003178    00000068                                   : copy_decompress_lzss.obj (.text:decompress:lzss)
                  000031e0    00000068                                   : trgmsg.obj (.text)
                  00003248    00000064                                   : fseek.obj (.text)
                  000032ac    00000064                                   : s_frexp.obj (.text)
                  00003310    00000054                                   : boot.obj (.text)
                  00003364    00000054                                   : exit.obj (.text)
                  000033b8    00000054                                   : ltoa.obj (.text)
                  0000340c    0000004c                                   : atoi.obj (.text)
                  00003458    0000004c                                   : cpy_tbl.obj (.text)
                  000034a4    00000048                                   : fd_toi_t2.obj (.text)
                  000034ec    00000036                                   : strncpy.obj (.text)
                  00003522    0000002e                                   : i_tofd_t2.obj (.text)
                  00003550    00000020                                   : memchr.obj (.text)
                  00003570    0000001c                                   : memccpy.obj (.text)
                  0000358c    00000018                                   : args_main.obj (.text)
                  000035a4    00000018                                   : strcmp.obj (.text)
                  000035bc    00000016                                   : strchr.obj (.text)
                  000035d2    00000002     --HOLE-- [fill = 0]
                  000035d4    00000014                                   : _lock.obj (.text)
                  000035e8    00000014                                   : s_copysign.obj (.text)
                  000035fc    00000014                                   : strcpy.obj (.text)
                  00003610    00000014                                   : strlen.obj (.text)
                  00003624    0000000e                                   : copy_decompress_none.obj (.text:decompress:none)
                  00003632    0000000e     startup_msp432p401r_ccs.obj (.text)
                  00003640    0000000c     rtsv7M4_T_le_v4SPD16_eabi.lib : copy_zero_init.obj (.text:decompress:ZI)
                  0000364c    00000004                                   : pre_init.obj (.text)

.const     0    00003650    00000101     
                  00003650    00000101     rtsv7M4_T_le_v4SPD16_eabi.lib : ctype.obj (.const:.string:_ctypes_)

.cinit     0    00003758    00000098     
                  00003758    00000072     (.cinit..data.load) [load image, compression = lzss]
                  000037ca    00000002     --HOLE-- [fill = 0]
                  000037cc    0000000c     (__TI_handler_table)
                  000037d8    00000008     (.cinit..bss.load) [load image, compression = zero_init]
                  000037e0    00000010     (__TI_cinit_table)

.init_array 
*          0    00000000    00000000     UNINITIALIZED

.binit     0    00000000    00000000     

.sysmem    0    20000000    00000400     UNINITIALIZED
                  20000000    00000008     rtsv7M4_T_le_v4SPD16_eabi.lib : memory.obj (.sysmem)
                  20000008    000003f8     --HOLE--

.data      0    20000400    00000200     UNINITIALIZED
                  20000400    000000f0     rtsv7M4_T_le_v4SPD16_eabi.lib : defs.obj (.data:_ftable)
                  200004f0    000000d0                                   : lowlev.obj (.data:$O1$$)
                  200005c0    00000010                                   : defs.obj (.data)
                  200005d0    0000000c                                   : exit.obj (.data:$O1$$)
                  200005dc    0000000c                                   : memory.obj (.data:$O1$$)
                  200005e8    00000008                                   : _lock.obj (.data:$O1$$)
                  200005f0    00000004                                   : errno.obj (.data)
                  200005f4    00000004                                   : fopen.obj (.data)
                  200005f8    00000004                                   : stkdepth_vars.obj (.data)
                  200005fc    00000004     system_msp432p401r.obj (.data)

.bss       0    20000600    000001c8     UNINITIALIZED
                  20000600    00000120     rtsv7M4_T_le_v4SPD16_eabi.lib : trgmsg.obj (.bss:_CIOBUF_)
                  20000720    000000a0     (.common:__TI_tmpnams)
                  200007c0    00000008                                   : trgdrv.obj (.bss:parmbuf)

.stack     0    2000fe00    00000200     UNINITIALIZED
                  2000fe00    00000200     --HOLE--

MODULE SUMMARY

       Module                        code    ro data   rw data
       ------                        ----    -------   -------
    ./
       system_msp432p401r.obj        812     0         8      
       main.obj                      472     0         0      
       startup_msp432p401r_ccs.obj   14      228       0      
    +--+-----------------------------+-------+---------+---------+
       Total:                        1298    228       8      
                                                              
    /home/lara/ti/ccsv7/tools/compiler/ti-cgt-arm_16.9.1.LTS/lib/rtsv7M4_T_le_v4SPD16_eabi.lib
       _printfi.obj                  4414    0         0      
       lowlev.obj                    780     0         416    
       memory.obj                    976     0         24     
       defs.obj                      0       0         832    
       trgdrv.obj                    804     0         16     
       trgmsg.obj                    104     0         576    
       ull_div_t2.obj                500     0         0      
       fopen.obj                     452     0         8      
       fd_add_t2.obj                 438     0         0      
       fd_div_t2.obj                 310     0         0      
       fputs.obj                     308     0         0      
       fd_cmp_t2.obj                 268     0         0      
       ctype.obj                     0       257       0      
       fd_mul_t2.obj                 252     0         0      
       s_scalbn.obj                  252     0         0      
       setvbuf.obj                   220     0         0      
       fflush.obj                    200     0         0      
       _io_perm.obj                  172     0         0      
       memcpy_t2.obj                 156     0         0      
       fclose.obj                    152     0         0      
       fputc.obj                     152     0         0      
       memset_t2.obj                 122     0         0      
       autoinit.obj                  112     0         0      
       exit.obj                      84      0         24     
       fprintf.obj                   108     0         0      
       copy_decompress_lzss.obj      104     0         0      
       fseek.obj                     100     0         0      
       s_frexp.obj                   100     0         0      
       boot.obj                      84      0         0      
       ltoa.obj                      84      0         0      
       atoi.obj                      76      0         0      
       cpy_tbl.obj                   76      0         0      
       fd_toi_t2.obj                 72      0         0      
       strncpy.obj                   54      0         0      
       i_tofd_t2.obj                 46      0         0      
       _lock.obj                     20      0         16     
       memchr.obj                    32      0         0      
       memccpy.obj                   28      0         0      
       args_main.obj                 24      0         0      
       strcmp.obj                    24      0         0      
       strchr.obj                    22      0         0      
       s_copysign.obj                20      0         0      
       strcpy.obj                    20      0         0      
       strlen.obj                    20      0         0      
       copy_decompress_none.obj      14      0         0      
       copy_zero_init.obj            12      0         0      
       errno.obj                     0       0         8      
       stkdepth_vars.obj             0       0         8      
       pre_init.obj                  4       0         0      
       mpu_init.obj                  2       0         0      
       startup.obj                   2       0         0      
    +--+-----------------------------+-------+---------+---------+
       Total:                        12376   257       1928   
                                                              
       Heap:                         0       0         2048   
       Stack:                        0       0         1024   
       Linker Generated:             0       150       0      
    +--+-----------------------------+-------+---------+---------+
       Grand Total:                  13674   635       5008   


LINKER GENERATED COPY TABLES

__TI_cinit_table @ 000037e0 records: 2, size/record: 8, table size: 16
	.data: load addr=00003758, load size=00000072 bytes, run addr=20000400, run size=00000200 bytes, compression=lzss
	.bss: load addr=000037d8, load size=00000008 bytes, run addr=20000600, run size=000001c8 bytes, compression=zero_init


LINKER GENERATED HANDLER TABLE

__TI_handler_table @ 000037cc records: 3, size/record: 4, table size: 12
	index: 0, handler: __TI_decompress_lzss
	index: 1, handler: __TI_decompress_none
	index: 2, handler: __TI_zero_init


GLOBAL SYMBOLS: SORTED ALPHABETICALLY BY Name 

address   name                           
-------   ----                           
0000363f  ADC14_IRQHandler               
0000363f  AES256_IRQHandler              
0000363f  BusFault_Handler               
00003365  C$$EXIT                        
0000320f  C$$IO$$                        
0000363f  COMP_E0_IRQHandler             
0000363f  COMP_E1_IRQHandler             
0000363f  CS_IRQHandler                  
0000363f  DMA_ERR_IRQHandler             
0000363f  DMA_INT0_IRQHandler            
0000363f  DMA_INT1_IRQHandler            
0000363f  DMA_INT2_IRQHandler            
0000363f  DMA_INT3_IRQHandler            
0000363f  DebugMon_Handler               
0000363f  Default_Handler                
0000363f  EUSCIA0_IRQHandler             
0000363f  EUSCIA1_IRQHandler             
0000363f  EUSCIA2_IRQHandler             
0000363f  EUSCIA3_IRQHandler             
0000363f  EUSCIB0_IRQHandler             
0000363f  EUSCIB1_IRQHandler             
0000363f  EUSCIB2_IRQHandler             
0000363f  EUSCIB3_IRQHandler             
0000363f  FLCTL_IRQHandler               
0000363f  FPU_IRQHandler                 
00001bfb  HOSTclock                      
00001bc3  HOSTclose                      
00001b85  HOSTgetenv                     
00001b29  HOSTlseek                      
00001ad7  HOSTopen                       
00001a8b  HOSTread                       
00001a2d  HOSTrename                     
000019f3  HOSTtime                       
000019a5  HOSTtime64                     
0000196d  HOSTunlink                     
00001921  HOSTwrite                      
0000363f  HardFault_Handler              
0000363f  MemManage_Handler              
0000363f  NMI_Handler                    
0000363f  PCM_IRQHandler                 
0000363f  PORT1_IRQHandler               
0000363f  PORT2_IRQHandler               
0000363f  PORT3_IRQHandler               
0000363f  PORT4_IRQHandler               
0000363f  PORT5_IRQHandler               
0000363f  PORT6_IRQHandler               
0000363f  PSS_IRQHandler                 
0000363f  PendSV_Handler                 
0000363f  RTC_C_IRQHandler               
00003633  Reset_Handler                  
UNDEFED   SHT$$INIT_ARRAY$$Base          
UNDEFED   SHT$$INIT_ARRAY$$Limit         
0000363f  SVC_Handler                    
0000363f  SysTick_Handler                
200005fc  SystemCoreClock                
000015f5  SystemCoreClockUpdate          
00001869  SystemInit                     
0000363f  T32_INT1_IRQHandler            
0000363f  T32_INT2_IRQHandler            
0000363f  T32_INTC_IRQHandler            
0000363f  TA0_0_IRQHandler               
0000363f  TA0_N_IRQHandler               
0000363f  TA1_0_IRQHandler               
0000363f  TA1_N_IRQHandler               
0000363f  TA2_0_IRQHandler               
0000363f  TA2_N_IRQHandler               
0000363f  TA3_0_IRQHandler               
0000363f  TA3_N_IRQHandler               
0000363f  UsageFault_Handler             
4000480c  WDTCTL_SYM                     
0000363f  WDT_A_IRQHandler               
20000600  __CIOBUF_                      
20010000  __STACK_END                    
00000200  __STACK_SIZE                   
00000400  __SYSMEM_SIZE                  
000037e0  __TI_CINIT_Base                
000037f0  __TI_CINIT_Limit               
000037cc  __TI_Handler_Table_Base        
000037d8  __TI_Handler_Table_Limit       
0000309d  __TI_auto_init                 
000023e5  __TI_cleanup                   
200005d0  __TI_cleanup_ptr               
00002de5  __TI_closefile                 
00003179  __TI_decompress_lzss           
00003625  __TI_decompress_none           
00002bd5  __TI_doflush                   
200005d4  __TI_dtors_ptr                 
200005d8  __TI_enable_exit_profile_output
200005c0  __TI_ft_end                    
ffffffff  __TI_pprof_out_hndl            
00000929  __TI_printfi                   
ffffffff  __TI_prof_data_size            
ffffffff  __TI_prof_data_start           
00002cff  __TI_rd_ok                     
00003213  __TI_readmsg                   
00000000  __TI_static_base__             
20000720  __TI_tmpnams                   
000031e1  __TI_writemsg                  
00002c9d  __TI_wrt_ok                    
00003641  __TI_zero_init                 
00002f15  __aeabi_cdcmpeq                
00002f15  __aeabi_cdcmple                
00002f9b  __aeabi_cdrcmple               
000034a5  __aeabi_d2iz                   
000024eb  __aeabi_dadd                   
00002697  __aeabi_ddiv                   
00002901  __aeabi_dmul                   
000024e1  __aeabi_dsub                   
00003523  __aeabi_i2d                    
00003021  __aeabi_memclr                 
00003021  __aeabi_memclr4                
00003021  __aeabi_memclr8                
00002d49  __aeabi_memcpy                 
00002d49  __aeabi_memcpy4                
00002d49  __aeabi_memcpy8                
00003023  __aeabi_memset                 
00003023  __aeabi_memset4                
00003023  __aeabi_memset8                
200005cc  __aeabi_stderr                 
200005c4  __aeabi_stdin                  
200005c8  __aeabi_stdout                 
00001f51  __aeabi_uldivmod               
ffffffff  __binit__                      
ffffffff  __c_args__                     
00001223  __mpu_init                     
2000fe00  __stack                        
0000358d  _args_main                     
00003311  _c_int00                       
00003650  _ctypes_                       
20000400  _ftable                        
200005e8  _lock                          
000035e3  _nop                           
000035db  _register_lock                 
000035d5  _register_unlock               
20000000  _sys_memory                    
0000309b  _system_post_cinit             
0000364d  _system_pre_init               
200005ec  _unlock                        
00003369  abort                          
00001ea5  add_device                     
0000340d  atoi                           
ffffffff  binit                          
000015c5  calloc                         
00001e55  close                          
00003459  copy_in                        
000035e9  copysign                       
000035e9  copysignl                      
00002199  delay_ms                       
000021e1  delay_ns                       
200005f0  errno                          
00003371  exit                           
00002e4b  fclose                         
00002c21  fflush                         
0000243b  fopen                          
00003115  fprintf                        
00002e7d  fputc                          
000027cd  fputs                          
0000130f  free                           
00002411  freopen                        
000032ad  frexp                          
000032ad  frexpl                         
00003249  fseek                          
00000000  interruptVectors               
000029fd  ldexp                          
000029fd  ldexpl                         
00001e31  lseek                          
000033b9  ltoa                           
00002145  main                           
200005f8  main_func_sp                   
000012a5  malloc                         
000014d9  memalign                       
00003571  memccpy                        
00003551  memchr                         
00002d49  memcpy                         
00003029  memset                         
00001225  minit                          
00001d83  open                           
00002e7d  putc                           
00002f01  putchar                        
000028d9  puts                           
00001d5f  read                           
000013d1  realloc                        
00001cd5  remove                         
00001d37  remove_device                  
00001cf9  rename                         
000029fd  scalbn                         
000029fd  scalbnl                        
00002211  set_DCO                        
00002af9  setvbuf                        
000035bd  strchr                         
000035a5  strcmp                         
000035fd  strcpy                         
00003611  strlen                         
000034ed  strncpy                        
00001cd5  unlink                         
00001c45  write                          


GLOBAL SYMBOLS: SORTED BY Symbol Address 

address   name                           
-------   ----                           
00000000  __TI_static_base__             
00000000  interruptVectors               
00000200  __STACK_SIZE                   
00000400  __SYSMEM_SIZE                  
00000929  __TI_printfi                   
00001223  __mpu_init                     
00001225  minit                          
000012a5  malloc                         
0000130f  free                           
000013d1  realloc                        
000014d9  memalign                       
000015c5  calloc                         
000015f5  SystemCoreClockUpdate          
00001869  SystemInit                     
00001921  HOSTwrite                      
0000196d  HOSTunlink                     
000019a5  HOSTtime64                     
000019f3  HOSTtime                       
00001a2d  HOSTrename                     
00001a8b  HOSTread                       
00001ad7  HOSTopen                       
00001b29  HOSTlseek                      
00001b85  HOSTgetenv                     
00001bc3  HOSTclose                      
00001bfb  HOSTclock                      
00001c45  write                          
00001cd5  remove                         
00001cd5  unlink                         
00001cf9  rename                         
00001d37  remove_device                  
00001d5f  read                           
00001d83  open                           
00001e31  lseek                          
00001e55  close                          
00001ea5  add_device                     
00001f51  __aeabi_uldivmod               
00002145  main                           
00002199  delay_ms                       
000021e1  delay_ns                       
00002211  set_DCO                        
000023e5  __TI_cleanup                   
00002411  freopen                        
0000243b  fopen                          
000024e1  __aeabi_dsub                   
000024eb  __aeabi_dadd                   
00002697  __aeabi_ddiv                   
000027cd  fputs                          
000028d9  puts                           
00002901  __aeabi_dmul                   
000029fd  ldexp                          
000029fd  ldexpl                         
000029fd  scalbn                         
000029fd  scalbnl                        
00002af9  setvbuf                        
00002bd5  __TI_doflush                   
00002c21  fflush                         
00002c9d  __TI_wrt_ok                    
00002cff  __TI_rd_ok                     
00002d49  __aeabi_memcpy                 
00002d49  __aeabi_memcpy4                
00002d49  __aeabi_memcpy8                
00002d49  memcpy                         
00002de5  __TI_closefile                 
00002e4b  fclose                         
00002e7d  fputc                          
00002e7d  putc                           
00002f01  putchar                        
00002f15  __aeabi_cdcmpeq                
00002f15  __aeabi_cdcmple                
00002f9b  __aeabi_cdrcmple               
00003021  __aeabi_memclr                 
00003021  __aeabi_memclr4                
00003021  __aeabi_memclr8                
00003023  __aeabi_memset                 
00003023  __aeabi_memset4                
00003023  __aeabi_memset8                
00003029  memset                         
0000309b  _system_post_cinit             
0000309d  __TI_auto_init                 
00003115  fprintf                        
00003179  __TI_decompress_lzss           
000031e1  __TI_writemsg                  
0000320f  C$$IO$$                        
00003213  __TI_readmsg                   
00003249  fseek                          
000032ad  frexp                          
000032ad  frexpl                         
00003311  _c_int00                       
00003365  C$$EXIT                        
00003369  abort                          
00003371  exit                           
000033b9  ltoa                           
0000340d  atoi                           
00003459  copy_in                        
000034a5  __aeabi_d2iz                   
000034ed  strncpy                        
00003523  __aeabi_i2d                    
00003551  memchr                         
00003571  memccpy                        
0000358d  _args_main                     
000035a5  strcmp                         
000035bd  strchr                         
000035d5  _register_unlock               
000035db  _register_lock                 
000035e3  _nop                           
000035e9  copysign                       
000035e9  copysignl                      
000035fd  strcpy                         
00003611  strlen                         
00003625  __TI_decompress_none           
00003633  Reset_Handler                  
0000363f  ADC14_IRQHandler               
0000363f  AES256_IRQHandler              
0000363f  BusFault_Handler               
0000363f  COMP_E0_IRQHandler             
0000363f  COMP_E1_IRQHandler             
0000363f  CS_IRQHandler                  
0000363f  DMA_ERR_IRQHandler             
0000363f  DMA_INT0_IRQHandler            
0000363f  DMA_INT1_IRQHandler            
0000363f  DMA_INT2_IRQHandler            
0000363f  DMA_INT3_IRQHandler            
0000363f  DebugMon_Handler               
0000363f  Default_Handler                
0000363f  EUSCIA0_IRQHandler             
0000363f  EUSCIA1_IRQHandler             
0000363f  EUSCIA2_IRQHandler             
0000363f  EUSCIA3_IRQHandler             
0000363f  EUSCIB0_IRQHandler             
0000363f  EUSCIB1_IRQHandler             
0000363f  EUSCIB2_IRQHandler             
0000363f  EUSCIB3_IRQHandler             
0000363f  FLCTL_IRQHandler               
0000363f  FPU_IRQHandler                 
0000363f  HardFault_Handler              
0000363f  MemManage_Handler              
0000363f  NMI_Handler                    
0000363f  PCM_IRQHandler                 
0000363f  PORT1_IRQHandler               
0000363f  PORT2_IRQHandler               
0000363f  PORT3_IRQHandler               
0000363f  PORT4_IRQHandler               
0000363f  PORT5_IRQHandler               
0000363f  PORT6_IRQHandler               
0000363f  PSS_IRQHandler                 
0000363f  PendSV_Handler                 
0000363f  RTC_C_IRQHandler               
0000363f  SVC_Handler                    
0000363f  SysTick_Handler                
0000363f  T32_INT1_IRQHandler            
0000363f  T32_INT2_IRQHandler            
0000363f  T32_INTC_IRQHandler            
0000363f  TA0_0_IRQHandler               
0000363f  TA0_N_IRQHandler               
0000363f  TA1_0_IRQHandler               
0000363f  TA1_N_IRQHandler               
0000363f  TA2_0_IRQHandler               
0000363f  TA2_N_IRQHandler               
0000363f  TA3_0_IRQHandler               
0000363f  TA3_N_IRQHandler               
0000363f  UsageFault_Handler             
0000363f  WDT_A_IRQHandler               
00003641  __TI_zero_init                 
0000364d  _system_pre_init               
00003650  _ctypes_                       
000037cc  __TI_Handler_Table_Base        
000037d8  __TI_Handler_Table_Limit       
000037e0  __TI_CINIT_Base                
000037f0  __TI_CINIT_Limit               
20000000  _sys_memory                    
20000400  _ftable                        
200005c0  __TI_ft_end                    
200005c4  __aeabi_stdin                  
200005c8  __aeabi_stdout                 
200005cc  __aeabi_stderr                 
200005d0  __TI_cleanup_ptr               
200005d4  __TI_dtors_ptr                 
200005d8  __TI_enable_exit_profile_output
200005e8  _lock                          
200005ec  _unlock                        
200005f0  errno                          
200005f8  main_func_sp                   
200005fc  SystemCoreClock                
20000600  __CIOBUF_                      
20000720  __TI_tmpnams                   
2000fe00  __stack                        
20010000  __STACK_END                    
4000480c  WDTCTL_SYM                     
ffffffff  __TI_pprof_out_hndl            
ffffffff  __TI_prof_data_size            
ffffffff  __TI_prof_data_start           
ffffffff  __binit__                      
ffffffff  __c_args__                     
ffffffff  binit                          
UNDEFED   SHT$$INIT_ARRAY$$Base          
UNDEFED   SHT$$INIT_ARRAY$$Limit         

[196 symbols]
