******************************************************************************
                  TI ARM Linker Unix v16.9.1                   
******************************************************************************
>> Linked Fri Oct  6 14:18:16 2017

OUTPUT FILE NAME:   <Project1.out>
ENTRY POINT SYMBOL: "_c_int00"  address: 00000e4d


MEMORY CONFIGURATION

         name            origin    length      used     unused   attr    fill
----------------------  --------  ---------  --------  --------  ----  --------
  MAIN                  00000000   00040000  00000fdc  0003f024  R  X
  INFO                  00200000   00004000  00000000  00004000  R  X
  SRAM_CODE             01000000   00010000  0000021c  0000fde4  RW X
  SRAM_DATA             20000000   00010000  0000021c  0000fde4  RW  


SEGMENT ALLOCATION MAP

run origin  load origin   length   init length attrs members
----------  ----------- ---------- ----------- ----- -------
00000000    00000000    00000fe0   00000fe0    r-x
  00000000    00000000    000000e4   000000e4    r-- .intvecs
  000000e4    000000e4    00000eac   00000eac    r-x .text
  00000f90    00000f90    00000024   00000024    r-- .const
  00000fb8    00000fb8    00000028   00000028    r-- .cinit
20000000    20000000    0000001c   00000000    rw-
  20000000    20000000    0000001c   00000000    rw- .data
2000fe00    2000fe00    00000200   00000000    rw-
  2000fe00    2000fe00    00000200   00000000    rw- .stack


SECTION ALLOCATION MAP

 output                                  attributes/
section   page    origin      length       input sections
--------  ----  ----------  ----------   ----------------
.intvecs   0    00000000    000000e4     
                  00000000    000000e4     startup_msp432p401r_ccs.obj (.intvecs:retain)

.text      0    000000e4    00000eac     
                  000000e4    000004b8     LCD.obj (.text)
                  0000059c    0000032c     system_msp432p401r.obj (.text)
                  000008c8    000002ac     main.obj (.text)
                  00000b74    00000164     Keypad.obj (.text)
                  00000cd8    0000009c     rtsv7M4_T_le_v4SPD16_eabi.lib : memcpy_t2.obj (.text)
                  00000d74    00000070                                   : autoinit.obj (.text)
                  00000de4    00000068                                   : copy_decompress_lzss.obj (.text:decompress:lzss)
                  00000e4c    00000054                                   : boot.obj (.text)
                  00000ea0    00000054                                   : exit.obj (.text)
                  00000ef4    0000004c                                   : cpy_tbl.obj (.text)
                  00000f40    00000018                                   : args_main.obj (.text)
                  00000f58    00000014                                   : _lock.obj (.text)
                  00000f6c    0000000e                                   : copy_decompress_none.obj (.text:decompress:none)
                  00000f7a    0000000e     startup_msp432p401r_ccs.obj (.text)
                  00000f88    00000004     rtsv7M4_T_le_v4SPD16_eabi.lib : pre_init.obj (.text)
                  00000f8c    00000002                                   : mpu_init.obj (.text)
                  00000f8e    00000002                                   : startup.obj (.text)

.const     0    00000f90    00000024     
                  00000f90    00000010     main.obj (.const:$P$T0$1)
                  00000fa0    00000010     main.obj (.const:$P$T1$2)
                  00000fb0    00000004     Keypad.obj (.const:.string:$P$T0$1)

.cinit     0    00000fb8    00000028     
                  00000fb8    00000015     (.cinit..data.load) [load image, compression = lzss]
                  00000fcd    00000003     --HOLE-- [fill = 0]
                  00000fd0    00000008     (__TI_handler_table)
                  00000fd8    00000008     (__TI_cinit_table)

.init_array 
*          0    00000000    00000000     UNINITIALIZED

.binit     0    00000000    00000000     

.data      0    20000000    0000001c     UNINITIALIZED
                  20000000    0000000c     rtsv7M4_T_le_v4SPD16_eabi.lib : exit.obj (.data:$O1$$)
                  2000000c    00000008                                   : _lock.obj (.data:$O1$$)
                  20000014    00000004                                   : stkdepth_vars.obj (.data)
                  20000018    00000004     system_msp432p401r.obj (.data)

.stack     0    2000fe00    00000200     UNINITIALIZED
                  2000fe00    00000200     --HOLE--

MODULE SUMMARY

       Module                        code   ro data   rw data
       ------                        ----   -------   -------
    ./
       LCD.obj                       1208   0         0      
       system_msp432p401r.obj        812    0         8      
       main.obj                      684    32        0      
       Keypad.obj                    356    4         0      
       startup_msp432p401r_ccs.obj   14     228       0      
    +--+-----------------------------+------+---------+---------+
       Total:                        3074   264       8      
                                                             
    /home/lara/ti/ccsv7/tools/compiler/ti-cgt-arm_16.9.1.LTS/lib/rtsv7M4_T_le_v4SPD16_eabi.lib
       memcpy_t2.obj                 156    0         0      
       autoinit.obj                  112    0         0      
       exit.obj                      84     0         24     
       copy_decompress_lzss.obj      104    0         0      
       boot.obj                      84     0         0      
       cpy_tbl.obj                   76     0         0      
       _lock.obj                     20     0         16     
       args_main.obj                 24     0         0      
       copy_decompress_none.obj      14     0         0      
       stkdepth_vars.obj             0      0         8      
       pre_init.obj                  4      0         0      
       mpu_init.obj                  2      0         0      
       startup.obj                   2      0         0      
    +--+-----------------------------+------+---------+---------+
       Total:                        682    0         48     
                                                             
       Stack:                        0      0         1024   
       Linker Generated:             0      37        0      
    +--+-----------------------------+------+---------+---------+
       Grand Total:                  3756   301       1080   


LINKER GENERATED COPY TABLES

__TI_cinit_table @ 00000fd8 records: 1, size/record: 8, table size: 8
	.data: load addr=00000fb8, load size=00000015 bytes, run addr=20000000, run size=0000001c bytes, compression=lzss


LINKER GENERATED HANDLER TABLE

__TI_handler_table @ 00000fd0 records: 2, size/record: 4, table size: 8
	index: 0, handler: __TI_decompress_lzss
	index: 1, handler: __TI_decompress_none


GLOBAL SYMBOLS: SORTED ALPHABETICALLY BY Name 

address   name                           
-------   ----                           
00000f87  ADC14_IRQHandler               
00000f87  AES256_IRQHandler              
00000f87  BusFault_Handler               
00000ea1  C$$EXIT                        
00000f87  COMP_E0_IRQHandler             
00000f87  COMP_E1_IRQHandler             
00000f87  CS_IRQHandler                  
00000f87  DMA_ERR_IRQHandler             
00000f87  DMA_INT0_IRQHandler            
00000f87  DMA_INT1_IRQHandler            
00000f87  DMA_INT2_IRQHandler            
00000f87  DMA_INT3_IRQHandler            
00000f87  DebugMon_Handler               
00000f87  Default_Handler                
00000f87  EUSCIA0_IRQHandler             
00000f87  EUSCIA1_IRQHandler             
00000f87  EUSCIA2_IRQHandler             
00000f87  EUSCIA3_IRQHandler             
00000f87  EUSCIB0_IRQHandler             
00000f87  EUSCIB1_IRQHandler             
00000f87  EUSCIB2_IRQHandler             
00000f87  EUSCIB3_IRQHandler             
00000f87  FLCTL_IRQHandler               
00000f87  FPU_IRQHandler                 
00000f87  HardFault_Handler              
00000c87  LED_init                       
00000c99  LED_set                        
00000f87  MemManage_Handler              
00000f87  NMI_Handler                    
00000f87  PCM_IRQHandler                 
00000f87  PORT1_IRQHandler               
00000f87  PORT2_IRQHandler               
00000f87  PORT3_IRQHandler               
00000f87  PORT4_IRQHandler               
00000f87  PORT5_IRQHandler               
00000f87  PORT6_IRQHandler               
00000f87  PSS_IRQHandler                 
00000f87  PendSV_Handler                 
00000f87  RTC_C_IRQHandler               
00000f7b  Reset_Handler                  
UNDEFED   SHT$$INIT_ARRAY$$Base          
UNDEFED   SHT$$INIT_ARRAY$$Limit         
00000f87  SVC_Handler                    
00000f87  SysTick_Handler                
20000018  SystemCoreClock                
0000059d  SystemCoreClockUpdate          
00000811  SystemInit                     
00000f87  T32_INT1_IRQHandler            
00000f87  T32_INT2_IRQHandler            
00000f87  T32_INTC_IRQHandler            
00000f87  TA0_0_IRQHandler               
00000f87  TA0_N_IRQHandler               
00000f87  TA1_0_IRQHandler               
00000f87  TA1_N_IRQHandler               
00000f87  TA2_0_IRQHandler               
00000f87  TA2_N_IRQHandler               
00000f87  TA3_0_IRQHandler               
00000f87  TA3_N_IRQHandler               
00000f87  UsageFault_Handler             
4000480c  WDTCTL_SYM                     
00000f87  WDT_A_IRQHandler               
20010000  __STACK_END                    
00000200  __STACK_SIZE                   
00000fd8  __TI_CINIT_Base                
00000fe0  __TI_CINIT_Limit               
00000fd0  __TI_Handler_Table_Base        
00000fd8  __TI_Handler_Table_Limit       
00000d75  __TI_auto_init                 
20000000  __TI_cleanup_ptr               
00000de5  __TI_decompress_lzss           
00000f6d  __TI_decompress_none           
20000004  __TI_dtors_ptr                 
20000008  __TI_enable_exit_profile_output
ffffffff  __TI_pprof_out_hndl            
ffffffff  __TI_prof_data_size            
ffffffff  __TI_prof_data_start           
00000000  __TI_static_base__             
00000cd9  __aeabi_memcpy                 
00000cd9  __aeabi_memcpy4                
00000cd9  __aeabi_memcpy8                
ffffffff  __binit__                      
ffffffff  __c_args__                     
00000f8d  __mpu_init                     
2000fe00  __stack                        
00000f41  _args_main                     
00000e4d  _c_int00                       
2000000c  _lock                          
00000f67  _nop                           
00000f5f  _register_lock                 
00000f59  _register_unlock               
00000f8f  _system_post_cinit             
00000f89  _system_pre_init               
20000010  _unlock                        
00000ea5  abort                          
ffffffff  binit                          
00000a59  checkPassword                  
00000ef5  copy_in                        
00000cbb  delay                          
00000513  delay_ms                       
00000389  display_char                   
00000aa1  display_keypad                 
00000ead  exit                           
000009df  initialize_hardware            
00000000  interruptVectors               
00000b89  keypad_getkey                  
00000b75  keypad_init                    
000008c9  main                           
20000014  main_func_sp                   
00000cd9  memcpy                         
00000a15  reset                          
0000054f  scroll_cursor                  
000003ef  send_command                   
000003d7  send_fs_cmd                    
000003a9  startup                        
00000401  write_char_LCD                 
000000e5  write_hello_world              
000001dd  write_incorrect                
00000155  write_locked_enter_key         
0000028f  write_locked_out               
000004d5  write_lower_nibble             
00000329  write_unlocked                 
00000491  write_upper_nibble             


GLOBAL SYMBOLS: SORTED BY Symbol Address 

address   name                           
-------   ----                           
00000000  __TI_static_base__             
00000000  interruptVectors               
000000e5  write_hello_world              
00000155  write_locked_enter_key         
000001dd  write_incorrect                
00000200  __STACK_SIZE                   
0000028f  write_locked_out               
00000329  write_unlocked                 
00000389  display_char                   
000003a9  startup                        
000003d7  send_fs_cmd                    
000003ef  send_command                   
00000401  write_char_LCD                 
00000491  write_upper_nibble             
000004d5  write_lower_nibble             
00000513  delay_ms                       
0000054f  scroll_cursor                  
0000059d  SystemCoreClockUpdate          
00000811  SystemInit                     
000008c9  main                           
000009df  initialize_hardware            
00000a15  reset                          
00000a59  checkPassword                  
00000aa1  display_keypad                 
00000b75  keypad_init                    
00000b89  keypad_getkey                  
00000c87  LED_init                       
00000c99  LED_set                        
00000cbb  delay                          
00000cd9  __aeabi_memcpy                 
00000cd9  __aeabi_memcpy4                
00000cd9  __aeabi_memcpy8                
00000cd9  memcpy                         
00000d75  __TI_auto_init                 
00000de5  __TI_decompress_lzss           
00000e4d  _c_int00                       
00000ea1  C$$EXIT                        
00000ea5  abort                          
00000ead  exit                           
00000ef5  copy_in                        
00000f41  _args_main                     
00000f59  _register_unlock               
00000f5f  _register_lock                 
00000f67  _nop                           
00000f6d  __TI_decompress_none           
00000f7b  Reset_Handler                  
00000f87  ADC14_IRQHandler               
00000f87  AES256_IRQHandler              
00000f87  BusFault_Handler               
00000f87  COMP_E0_IRQHandler             
00000f87  COMP_E1_IRQHandler             
00000f87  CS_IRQHandler                  
00000f87  DMA_ERR_IRQHandler             
00000f87  DMA_INT0_IRQHandler            
00000f87  DMA_INT1_IRQHandler            
00000f87  DMA_INT2_IRQHandler            
00000f87  DMA_INT3_IRQHandler            
00000f87  DebugMon_Handler               
00000f87  Default_Handler                
00000f87  EUSCIA0_IRQHandler             
00000f87  EUSCIA1_IRQHandler             
00000f87  EUSCIA2_IRQHandler             
00000f87  EUSCIA3_IRQHandler             
00000f87  EUSCIB0_IRQHandler             
00000f87  EUSCIB1_IRQHandler             
00000f87  EUSCIB2_IRQHandler             
00000f87  EUSCIB3_IRQHandler             
00000f87  FLCTL_IRQHandler               
00000f87  FPU_IRQHandler                 
00000f87  HardFault_Handler              
00000f87  MemManage_Handler              
00000f87  NMI_Handler                    
00000f87  PCM_IRQHandler                 
00000f87  PORT1_IRQHandler               
00000f87  PORT2_IRQHandler               
00000f87  PORT3_IRQHandler               
00000f87  PORT4_IRQHandler               
00000f87  PORT5_IRQHandler               
00000f87  PORT6_IRQHandler               
00000f87  PSS_IRQHandler                 
00000f87  PendSV_Handler                 
00000f87  RTC_C_IRQHandler               
00000f87  SVC_Handler                    
00000f87  SysTick_Handler                
00000f87  T32_INT1_IRQHandler            
00000f87  T32_INT2_IRQHandler            
00000f87  T32_INTC_IRQHandler            
00000f87  TA0_0_IRQHandler               
00000f87  TA0_N_IRQHandler               
00000f87  TA1_0_IRQHandler               
00000f87  TA1_N_IRQHandler               
00000f87  TA2_0_IRQHandler               
00000f87  TA2_N_IRQHandler               
00000f87  TA3_0_IRQHandler               
00000f87  TA3_N_IRQHandler               
00000f87  UsageFault_Handler             
00000f87  WDT_A_IRQHandler               
00000f89  _system_pre_init               
00000f8d  __mpu_init                     
00000f8f  _system_post_cinit             
00000fd0  __TI_Handler_Table_Base        
00000fd8  __TI_CINIT_Base                
00000fd8  __TI_Handler_Table_Limit       
00000fe0  __TI_CINIT_Limit               
20000000  __TI_cleanup_ptr               
20000004  __TI_dtors_ptr                 
20000008  __TI_enable_exit_profile_output
2000000c  _lock                          
20000010  _unlock                        
20000014  main_func_sp                   
20000018  SystemCoreClock                
2000fe00  __stack                        
20010000  __STACK_END                    
4000480c  WDTCTL_SYM                     
ffffffff  __TI_pprof_out_hndl            
ffffffff  __TI_prof_data_size            
ffffffff  __TI_prof_data_start           
ffffffff  __binit__                      
ffffffff  __c_args__                     
ffffffff  binit                          
UNDEFED   SHT$$INIT_ARRAY$$Base          
UNDEFED   SHT$$INIT_ARRAY$$Limit         

[122 symbols]
