******************************************************************************
                  TI ARM Linker Unix v16.9.1                   
******************************************************************************
>> Linked Fri Oct 13 12:39:31 2017

OUTPUT FILE NAME:   <Lab6.out>
ENTRY POINT SYMBOL: "_c_int00"  address: 0000074d


MEMORY CONFIGURATION

         name            origin    length      used     unused   attr    fill
----------------------  --------  ---------  --------  --------  ----  --------
  MAIN                  00000000   00040000  000008c0  0003f740  R  X
  INFO                  00200000   00004000  00000000  00004000  R  X
  SRAM_CODE             01000000   00010000  00000230  0000fdd0  RW X
  SRAM_DATA             20000000   00010000  00000230  0000fdd0  RW  


SEGMENT ALLOCATION MAP

run origin  load origin   length   init length attrs members
----------  ----------- ---------- ----------- ----- -------
00000000    00000000    000008c0   000008c0    r-x
  00000000    00000000    000000e4   000000e4    r-- .intvecs
  000000e4    000000e4    000007ac   000007ac    r-x .text
  00000890    00000890    00000030   00000030    r-- .cinit
20000000    20000000    00000030   00000000    rw-
  20000000    20000000    00000030   00000000    rw- .data
2000fe00    2000fe00    00000200   00000000    rw-
  2000fe00    2000fe00    00000200   00000000    rw- .stack


SECTION ALLOCATION MAP

 output                                  attributes/
section   page    origin      length       input sections
--------  ----  ----------  ----------   ----------------
.intvecs   0    00000000    000000e4     
                  00000000    000000e4     startup_msp432p401r_ccs.obj (.intvecs:retain)

.text      0    000000e4    000007ac     
                  000000e4    0000032c     system_msp432p401r.obj (.text)
                  00000410    000001c8     main.obj (.text)
                  000005d8    0000009c     rtsv7M4_T_le_v4SPD16_eabi.lib : memcpy_t2.obj (.text)
                  00000674    00000070                                   : autoinit.obj (.text)
                  000006e4    00000068                                   : copy_decompress_lzss.obj (.text:decompress:lzss)
                  0000074c    00000054                                   : boot.obj (.text)
                  000007a0    00000054                                   : exit.obj (.text)
                  000007f4    0000004c                                   : cpy_tbl.obj (.text)
                  00000840    00000018                                   : args_main.obj (.text)
                  00000858    00000014                                   : _lock.obj (.text)
                  0000086c    0000000e                                   : copy_decompress_none.obj (.text:decompress:none)
                  0000087a    0000000e     startup_msp432p401r_ccs.obj (.text)
                  00000888    00000004     rtsv7M4_T_le_v4SPD16_eabi.lib : pre_init.obj (.text)
                  0000088c    00000002                                   : mpu_init.obj (.text)
                  0000088e    00000002                                   : startup.obj (.text)

.cinit     0    00000890    00000030     
                  00000890    00000020     (.cinit..data.load) [load image, compression = lzss]
                  000008b0    00000008     (__TI_handler_table)
                  000008b8    00000008     (__TI_cinit_table)

.init_array 
*          0    00000000    00000000     UNINITIALIZED

.binit     0    00000000    00000000     

.data      0    20000000    00000030     UNINITIALIZED
                  20000000    00000014     main.obj (.data)
                  20000014    0000000c     rtsv7M4_T_le_v4SPD16_eabi.lib : exit.obj (.data:$O1$$)
                  20000020    00000008                                   : _lock.obj (.data:$O1$$)
                  20000028    00000004                                   : stkdepth_vars.obj (.data)
                  2000002c    00000004     system_msp432p401r.obj (.data)

.stack     0    2000fe00    00000200     UNINITIALIZED
                  2000fe00    00000200     --HOLE--

MODULE SUMMARY

       Module                        code   ro data   rw data
       ------                        ----   -------   -------
    ./
       system_msp432p401r.obj        812    0         8      
       main.obj                      456    0         40     
       startup_msp432p401r_ccs.obj   14     228       0      
    +--+-----------------------------+------+---------+---------+
       Total:                        1282   228       48     
                                                             
    /home/lara/ti/ccsv7/tools/compiler/ti-cgt-arm_16.9.1.LTS/lib/rtsv7M4_T_le_v4SPD16_eabi.lib
       memcpy_t2.obj                 156    0         0      
       autoinit.obj                  112    0         0      
       exit.obj                      84     0         24     
       copy_decompress_lzss.obj      104    0         0      
       boot.obj                      84     0         0      
       cpy_tbl.obj                   76     0         0      
       _lock.obj                     20     0         16     
       args_main.obj                 24     0         0      
       copy_decompress_none.obj      14     0         0      
       stkdepth_vars.obj             0      0         8      
       pre_init.obj                  4      0         0      
       mpu_init.obj                  2      0         0      
       startup.obj                   2      0         0      
    +--+-----------------------------+------+---------+---------+
       Total:                        682    0         48     
                                                             
       Stack:                        0      0         1024   
       Linker Generated:             0      48        0      
    +--+-----------------------------+------+---------+---------+
       Grand Total:                  1964   276       1120   


LINKER GENERATED COPY TABLES

__TI_cinit_table @ 000008b8 records: 1, size/record: 8, table size: 8
	.data: load addr=00000890, load size=00000020 bytes, run addr=20000000, run size=00000030 bytes, compression=lzss


LINKER GENERATED HANDLER TABLE

__TI_handler_table @ 000008b0 records: 2, size/record: 4, table size: 8
	index: 0, handler: __TI_decompress_lzss
	index: 1, handler: __TI_decompress_none


GLOBAL SYMBOLS: SORTED ALPHABETICALLY BY Name 

address   name                           
-------   ----                           
00000887  ADC14_IRQHandler               
00000887  AES256_IRQHandler              
00000887  BusFault_Handler               
000007a1  C$$EXIT                        
00000887  COMP_E0_IRQHandler             
00000887  COMP_E1_IRQHandler             
00000887  CS_IRQHandler                  
00000887  DMA_ERR_IRQHandler             
00000887  DMA_INT0_IRQHandler            
00000887  DMA_INT1_IRQHandler            
00000887  DMA_INT2_IRQHandler            
00000887  DMA_INT3_IRQHandler            
00000887  DebugMon_Handler               
00000887  Default_Handler                
000004d5  Drive_DAC                      
00000887  EUSCIA0_IRQHandler             
00000887  EUSCIA1_IRQHandler             
00000887  EUSCIA2_IRQHandler             
00000887  EUSCIA3_IRQHandler             
00000887  EUSCIB0_IRQHandler             
00000887  EUSCIB1_IRQHandler             
00000887  EUSCIB2_IRQHandler             
00000887  EUSCIB3_IRQHandler             
00000887  FLCTL_IRQHandler               
00000887  FPU_IRQHandler                 
00000887  HardFault_Handler              
00000887  MemManage_Handler              
00000887  NMI_Handler                    
00000887  PCM_IRQHandler                 
00000887  PORT1_IRQHandler               
00000887  PORT2_IRQHandler               
00000887  PORT3_IRQHandler               
00000887  PORT4_IRQHandler               
00000887  PORT5_IRQHandler               
00000887  PORT6_IRQHandler               
00000887  PSS_IRQHandler                 
00000887  PendSV_Handler                 
00000887  RTC_C_IRQHandler               
0000087b  Reset_Handler                  
UNDEFED   SHT$$INIT_ARRAY$$Base          
UNDEFED   SHT$$INIT_ARRAY$$Limit         
00000887  SVC_Handler                    
00000887  SysTick_Handler                
2000002c  SystemCoreClock                
000000e5  SystemCoreClockUpdate          
00000359  SystemInit                     
00000887  T32_INT1_IRQHandler            
00000887  T32_INT2_IRQHandler            
00000887  T32_INTC_IRQHandler            
0000053b  TA0_0_IRQHandler               
0000053b  TA0_0_IRQHandler               
00000887  TA0_N_IRQHandler               
00000887  TA1_0_IRQHandler               
00000887  TA1_N_IRQHandler               
00000887  TA2_0_IRQHandler               
00000887  TA2_N_IRQHandler               
00000887  TA3_0_IRQHandler               
00000887  TA3_N_IRQHandler               
20000000  TempDAC_Value                  
00000887  UsageFault_Handler             
4000480c  WDTCTL_SYM                     
00000887  WDT_A_IRQHandler               
20010000  __STACK_END                    
00000200  __STACK_SIZE                   
000008b8  __TI_CINIT_Base                
000008c0  __TI_CINIT_Limit               
000008b0  __TI_Handler_Table_Base        
000008b8  __TI_Handler_Table_Limit       
00000675  __TI_auto_init                 
20000014  __TI_cleanup_ptr               
000006e5  __TI_decompress_lzss           
0000086d  __TI_decompress_none           
20000018  __TI_dtors_ptr                 
2000001c  __TI_enable_exit_profile_output
ffffffff  __TI_pprof_out_hndl            
ffffffff  __TI_prof_data_size            
ffffffff  __TI_prof_data_start           
00000000  __TI_static_base__             
000005d9  __aeabi_memcpy                 
000005d9  __aeabi_memcpy4                
000005d9  __aeabi_memcpy8                
ffffffff  __binit__                      
ffffffff  __c_args__                     
0000088d  __mpu_init                     
2000fe00  __stack                        
00000841  _args_main                     
0000074d  _c_int00                       
20000020  _lock                          
00000867  _nop                           
0000085f  _register_lock                 
00000859  _register_unlock               
0000088f  _system_post_cinit             
00000889  _system_pre_init               
20000024  _unlock                        
000007a5  abort                          
ffffffff  binit                          
000007f5  copy_in                        
20000008  dacCount                       
20000004  dacFlag                        
2000000c  dacValue                       
000007ad  exit                           
00000000  interruptVectors               
20000010  isrCount                       
00000419  main                           
20000028  main_func_sp                   
000005d9  memcpy                         


GLOBAL SYMBOLS: SORTED BY Symbol Address 

address   name                           
-------   ----                           
00000000  __TI_static_base__             
00000000  interruptVectors               
000000e5  SystemCoreClockUpdate          
00000200  __STACK_SIZE                   
00000359  SystemInit                     
00000419  main                           
000004d5  Drive_DAC                      
0000053b  TA0_0_IRQHandler               
0000053b  TA0_0_IRQHandler               
000005d9  __aeabi_memcpy                 
000005d9  __aeabi_memcpy4                
000005d9  __aeabi_memcpy8                
000005d9  memcpy                         
00000675  __TI_auto_init                 
000006e5  __TI_decompress_lzss           
0000074d  _c_int00                       
000007a1  C$$EXIT                        
000007a5  abort                          
000007ad  exit                           
000007f5  copy_in                        
00000841  _args_main                     
00000859  _register_unlock               
0000085f  _register_lock                 
00000867  _nop                           
0000086d  __TI_decompress_none           
0000087b  Reset_Handler                  
00000887  ADC14_IRQHandler               
00000887  AES256_IRQHandler              
00000887  BusFault_Handler               
00000887  COMP_E0_IRQHandler             
00000887  COMP_E1_IRQHandler             
00000887  CS_IRQHandler                  
00000887  DMA_ERR_IRQHandler             
00000887  DMA_INT0_IRQHandler            
00000887  DMA_INT1_IRQHandler            
00000887  DMA_INT2_IRQHandler            
00000887  DMA_INT3_IRQHandler            
00000887  DebugMon_Handler               
00000887  Default_Handler                
00000887  EUSCIA0_IRQHandler             
00000887  EUSCIA1_IRQHandler             
00000887  EUSCIA2_IRQHandler             
00000887  EUSCIA3_IRQHandler             
00000887  EUSCIB0_IRQHandler             
00000887  EUSCIB1_IRQHandler             
00000887  EUSCIB2_IRQHandler             
00000887  EUSCIB3_IRQHandler             
00000887  FLCTL_IRQHandler               
00000887  FPU_IRQHandler                 
00000887  HardFault_Handler              
00000887  MemManage_Handler              
00000887  NMI_Handler                    
00000887  PCM_IRQHandler                 
00000887  PORT1_IRQHandler               
00000887  PORT2_IRQHandler               
00000887  PORT3_IRQHandler               
00000887  PORT4_IRQHandler               
00000887  PORT5_IRQHandler               
00000887  PORT6_IRQHandler               
00000887  PSS_IRQHandler                 
00000887  PendSV_Handler                 
00000887  RTC_C_IRQHandler               
00000887  SVC_Handler                    
00000887  SysTick_Handler                
00000887  T32_INT1_IRQHandler            
00000887  T32_INT2_IRQHandler            
00000887  T32_INTC_IRQHandler            
00000887  TA0_N_IRQHandler               
00000887  TA1_0_IRQHandler               
00000887  TA1_N_IRQHandler               
00000887  TA2_0_IRQHandler               
00000887  TA2_N_IRQHandler               
00000887  TA3_0_IRQHandler               
00000887  TA3_N_IRQHandler               
00000887  UsageFault_Handler             
00000887  WDT_A_IRQHandler               
00000889  _system_pre_init               
0000088d  __mpu_init                     
0000088f  _system_post_cinit             
000008b0  __TI_Handler_Table_Base        
000008b8  __TI_CINIT_Base                
000008b8  __TI_Handler_Table_Limit       
000008c0  __TI_CINIT_Limit               
20000000  TempDAC_Value                  
20000004  dacFlag                        
20000008  dacCount                       
2000000c  dacValue                       
20000010  isrCount                       
20000014  __TI_cleanup_ptr               
20000018  __TI_dtors_ptr                 
2000001c  __TI_enable_exit_profile_output
20000020  _lock                          
20000024  _unlock                        
20000028  main_func_sp                   
2000002c  SystemCoreClock                
2000fe00  __stack                        
20010000  __STACK_END                    
4000480c  WDTCTL_SYM                     
ffffffff  __TI_pprof_out_hndl            
ffffffff  __TI_prof_data_size            
ffffffff  __TI_prof_data_start           
ffffffff  __binit__                      
ffffffff  __c_args__                     
ffffffff  binit                          
UNDEFED   SHT$$INIT_ARRAY$$Base          
UNDEFED   SHT$$INIT_ARRAY$$Limit         

[106 symbols]
